const CallbackQueueSize
const DeviceName
const ErrClassAwaitingKey
const ErrClassClosed
const ErrClassDeviceUnsupported
const ErrClassGrantLost
const ErrClassInputBusy
const ErrClassInternal
const ErrClassInvalidRequest
const ErrClassNoLease
const ErrClassNotFound
const ErrClassNotPaired
const ErrClassOffline
const ErrClassPairingCodeInvalid
const ErrClassPairingFailed
const ErrClassRateLimited
const ErrClassRelayAddressInvalid
const ErrClassRelayUnknown
const ErrClassRepairRequired
const ErrClassRevoked
const ErrClassStaleTurn
const ErrClassStateCorrupt
const ErrClassUnknown
const ErrClassUnreconciled
const KeyCustodyAuthRequired
const KeyCustodyKeyInvalidated
const RelayTrustUnavailable
const RelayTrustUntrusted
const WakeNotificationText
field ComposerPublication.CreatedAtMillis int64
field ComposerPublication.ExpectedTurn string
field ComposerPublication.LogicalID string
field ComposerPublication.OperationID string
field ComposerPublication.Phase string
field ComposerPublication.SessionID string
field ComposerPublication.SessionInstance string
field ComposerPublication.TerminalCode string
field ComposerPublication.Text string
field Config.MachineID string
field Config.PushGatewayURL string
field Config.RelayURL string
field Config.StateDir string
field Event.Cursor int64
field Event.Dropped int
field Event.Kind string
field Event.Message string
field Event.SessionID string
field Event.State string
field Event.Stream string
field Freshness.LastHeardUnixMs int64
field Freshness.Silent bool
field InboxItem.Group string
field InboxItem.MachineID string
field InboxItem.MachineName string
field InboxItem.NeedsInput bool
field InboxItem.SessionID string
field InboxItem.Title string
field JournalEntry.Cursor int64
field JournalEntry.Group string
field JournalEntry.SessionID string
field JournalEntry.TSUnixMs int64
field JournalEntry.Type string
field LaunchSpec.Agent string
field LaunchSpec.Cols int
field LaunchSpec.Cwd string
field LaunchSpec.Options string
field LaunchSpec.Prompt string
field LaunchSpec.Rows int
field MachineInfo.Broken bool
field MachineInfo.BrokenReason string
field MachineInfo.Connected bool
field MachineInfo.DisplayName string
field MachineInfo.ID string
field MachineInfo.LastSyncUnixMs int64
field MachineInfo.NeedsInput int
field MachineInfo.Stale bool
field MachinePresence.ObservedUnixMs int64
field MachinePresence.State string
field Op.Action string
field Op.OperationID string
field Op.SessionID string
field Outcome.Code string
field Outcome.Message string
field Outcome.OperationID string
field Outcome.Resolved bool
field PresetInfo.DisplayName string
field PresetInfo.ID string
field PresetInfo.Provider string
field PresetInfo.Revision string
field PresetInfo.WorkspacePath string
field PresetInfo.Worktree bool
field PushPreference.Alerts bool
field PushPreference.Mentions bool
field PushWakeDrops.Expired int64
field PushWakeDrops.Malformed int64
field PushWakeDrops.NoKey int64
field PushWakeDrops.PeerClockAhead int64
field PushWakeDrops.Replay int64
field PushWakeDrops.Revoked int64
field PushWakeDrops.Total int64
field PushWakeDrops.Unauthenticated int64
field QRPayload.HasStaticPub bool
field QRPayload.RelayURL string
field QRPayload.RendezvousID string
field Session.Agent string
field Session.Destination string
field Session.Group string
field Session.ID string
field Session.MissingCapability string
field Session.Need string
field Session.Present bool
field Session.Provider string
field Session.ProviderVersion string
field Session.SessionInstance string
field Session.StateSinceUnixMs int64
field Session.StructuredChat bool
field Session.TerminalControl bool
field Session.Title string
field Snapshot.Cols int
field Snapshot.RenderedAtMillis int64
field Snapshot.Rows int
field Snapshot.SessionID string
field Snapshot.SessionInstance string
field Snapshot.Stale bool
field Snapshot.Text string
field StateSummary.EpochID int64
field StateSummary.Machine string
field StateSummary.Paired bool
field StateSummary.PendingOps int
field StateSummary.Reconciled bool
field StateSummary.RelayCursor int64
field StateSummary.Restored bool
field StateSummary.RosterRevision int64
field StateSummary.SendSeq int64
field TranscriptItem.Body string
field TranscriptItem.Cursor int64
field TranscriptItem.Degraded bool
field TranscriptItem.Detail bool
field TranscriptItem.ItemID string
field TranscriptItem.Kind string
field TranscriptItem.OperationID string
field TranscriptItem.Resolved bool
field TranscriptItem.SessionID string
field TranscriptItem.Source string
field TranscriptItem.Status string
field TranscriptItem.TSUnixMs int64
field TranscriptItem.Text string
field TranscriptItem.ToolKind string
field TranscriptItem.Truncated bool
field TranscriptItem.TurnID string
field UndeliveredInput.AtMillis int64
field UndeliveredInput.Bytes int
field UndeliveredInput.Reason string
field UndeliveredInput.SessionID string
field WakeAlert.ContentReady bool
field WakeAlert.Text string
func DecodeQR(string) (*QRPayload, error)
func NewApp(*Config, KeyCustody) (*App, error)
ifacemethod EventListener.OnEvent(*Event)
ifacemethod KeyCustody.ContentKEK() ([]byte, error)
ifacemethod KeyCustody.WakeKEK() ([]byte, error)
ifacemethod PushAttestor.Attest([]byte) (string, error)
ifacemethod PushInstallationSigner.PublicKey() []byte
ifacemethod PushInstallationSigner.Sign([]byte) ([]byte, error)
ifacemethod RelayTrust.VerifyRelayChain(string, []byte) error
method App.AddMachine(string, string) error
method App.Approve(string, string, string) (*Op, error)
method App.BeginPairing(string) (*Pairing, error)
method App.BeginPairingWithCode(string, string) (*Pairing, error)
method App.ClearUndeliveredInputs() error
method App.ClockVerdict() (string, error)
method App.Close() error
method App.ComposerPublications() (*ComposerPublicationList, error)
method App.ComposerRetry(string, string, string, string) (*Op, error)
method App.ComposerSend(string, string, string) (*Op, error)
method App.ConfigurePushRegistration(PushAttestor, PushInstallationSigner) error
method App.ConnectionState() (string, error)
method App.DeletePushToken() error
method App.EnsurePushRegistration(string) error
method App.EnterBackground() error
method App.ErrorClass(string) (string, error)
method App.ForgetMachine(string) error
method App.GlobalInbox() (*InboxList, error)
method App.HandlePushWake(string) (*WakeAlert, error)
method App.HistoryAtCapacity(string) (bool, error)
method App.HistoryFloor(string) (bool, error)
method App.InstallContentKey([]byte) error
method App.InstallWakeKey([]byte) error
method App.Interrupt(string, string) (*Op, error)
method App.IsRunning() (bool, error)
method App.Kill(string) (*Op, error)
method App.KillSwitchEngaged() (bool, error)
method App.Launch(*LaunchSpec) (*Op, error)
method App.LaunchCapability() (string, error)
method App.LaunchPresets() (*PresetList, error)
method App.LoadEarlierInteractions(string, string, int) (*Op, error)
method App.LoadInteractionDetail(string, string) (*Op, error)
method App.MachineFreshness() (*Freshness, error)
method App.MachineName() (string, error)
method App.MachinePresence() (*MachinePresence, error)
method App.Machines() (*MachineList, error)
method App.Outcome(string) (*Outcome, error)
method App.PairedDeviceName() (string, error)
method App.PairingState() (string, error)
method App.Paste(string, string) error
method App.Peek(string) (*Snapshot, error)
method App.PendingApprovals() (*TranscriptPage, error)
method App.PendingOpCount() (int, error)
method App.Presence() (string, error)
method App.PurgeKeys() error
method App.PushPreference() (*PushPreference, error)
method App.ReadJournal(int64, int) (*JournalPage, error)
method App.ReadTranscript(string, int64, int) (*TranscriptPage, error)
method App.RefreshLaunchPresets() (*Op, error)
method App.RefreshRoster() error
method App.RegisterPushToken(string) error
method App.ReleaseControl(string) (*Op, error)
method App.Resize(string, int, int) error
method App.Resync(string) error
method App.ResyncPending(string) (bool, error)
method App.RevokeThisDevice() (*Op, error)
method App.Roster() (*SessionList, error)
method App.SelectMachine(string) error
method App.SendInput(string, []byte) error
method App.Session(string) (*Session, error)
method App.SessionLaunch(string, string, string) (*Op, error)
method App.SetEventListener(EventListener) error
method App.SetPushPreference(*PushPreference) (*Op, error)
method App.SetRelayTrust(RelayTrust) error
method App.Start() error
method App.StateSummary() (*StateSummary, error)
method App.Stop() error
method App.StreamState(string) (string, error)
method App.SubscribeJournal() error
method App.SyncRoster() error
method App.TakeControl(string) (*Op, error)
method App.TerminalControlBegin(string, string) (*Op, error)
method App.TerminalControlEnd(string) (*Op, error)
method App.TerminalControlKeepalive(string) error
method App.TerminalInput(string, string) error
method App.TerminalUnwatch(string) error
method App.TerminalViewRenew(string) error
method App.TerminalViewUnwatch(string) error
method App.TerminalViewWatch(string) error
method App.TerminalWatch(string) error
method App.UndeliveredInputs() (*UndeliveredList, error)
method App.UnlockContent() error
method App.UnsubscribeJournal() error
method App.WakeDropCounts() (*PushWakeDrops, error)
method ComposerPublicationList.At(int) (*ComposerPublication, error)
method ComposerPublicationList.Count() (int, error)
method InboxList.At(int) (*InboxItem, error)
method InboxList.Count() (int, error)
method JournalPage.At(int) (*JournalEntry, error)
method JournalPage.Count() (int, error)
method JournalPage.NextCursor() (int64, error)
method JournalPage.Stale() (bool, error)
method MachineList.At(int) (*MachineInfo, error)
method MachineList.Cap() (int, error)
method MachineList.Count() (int, error)
method Pairing.Cancel() error
method Pairing.Confirm() error
method Pairing.ConfirmOrigin(string) error
method Pairing.DeadlineMillis() (int64, error)
method Pairing.Origin() (string, error)
method Pairing.OriginIsPrivate() (bool, error)
method Pairing.RejectSAS() error
method Pairing.SAS() (string, error)
method Pairing.State() (string, error)
method PresetList.At(int) (*PresetInfo, error)
method PresetList.Count() (int, error)
method SessionList.At(int) (*Session, error)
method SessionList.Count() (int, error)
method SessionList.Stale() (bool, error)
method TranscriptPage.At(int) (*TranscriptItem, error)
method TranscriptPage.Count() (int, error)
method TranscriptPage.NextCursor() (int64, error)
method TranscriptPage.Stale() (bool, error)
method UndeliveredList.At(int) (*UndeliveredInput, error)
method UndeliveredList.Count() (int, error)
method UndeliveredList.Dropped() (int, error)
type App struct
type ComposerPublication struct
type ComposerPublicationList struct
type Config struct
type Event struct
type EventListener interface
type Freshness struct
type InboxItem struct
type InboxList struct
type JournalEntry struct
type JournalPage struct
type KeyCustody interface
type LaunchSpec struct
type MachineInfo struct
type MachineList struct
type MachinePresence struct
type Op struct
type Outcome struct
type Pairing struct
type PresetInfo struct
type PresetList struct
type PushAttestor interface
type PushInstallationSigner interface
type PushPreference struct
type PushWakeDrops struct
type QRPayload struct
type RelayTrust interface
type Session struct
type SessionList struct
type Snapshot struct
type StateSummary struct
type TranscriptItem struct
type TranscriptPage struct
type UndeliveredInput struct
type UndeliveredList struct
type WakeAlert struct
