swarm · new session

▌ directory   <cwd>█
  name        (optional · defaults to agent-dir)
  tag         (optional · groups the board under o)
  agent       ◂ ● claude   ○ codex (upgrade codex to >= 1.2.0)   ✕ gemini (install: npm i -g @google/gemini-cli) ▸
  Model       opus ▾
  prompt      (optional)
  worktree    [ ] space · isolate in a git worktree






























  type or paste · ⌘←/→ home/end · ⌘⌫/ctrl+u clear-left · ↑↓ next · enter launch · esc cancel                         dev