swarm · new session

▌ directory   <cwd>█
  agent       ◂ ● claude   ○ codex (upgrade codex to >= 1.2.0)   ✕ gemini (install: npm i -g @google/gemini-cli) ▸
  Model       opus ▾
  prompt      (optional)
  worktree    [ ] isolate in a git worktree
































  type or paste · tab/↑↓ next · enter launch · esc cancel